> Task :app:preBuild UP-TO-DATE
> Task :app:preDebugBuild UP-TO-DATE
> Task :app:mergeDebugNativeDebugMetadata NO-SOURCE
> Task :app:checkKotlinGradlePluginConfigurationErrors
> Task :app:checkDebugAarMetadata UP-TO-DATE
> Task :app:generateDebugResValues UP-TO-DATE
> Task :app:mapDebugSourceSetPaths UP-TO-DATE
> Task :app:generateDebugResources UP-TO-DATE
> Task :app:mergeDebugResources UP-TO-DATE
> Task :app:packageDebugResources UP-TO-DATE
> Task :app:parseDebugLocalResources UP-TO-DATE
> Task :app:createDebugCompatibleScreenManifests UP-TO-DATE
> Task :app:extractDeepLinksDebug UP-TO-DATE
> Task :app:processDebugMainManifest UP-TO-DATE
> Task :app:processDebugManifest UP-TO-DATE
> Task :app:processDebugManifestForPackage UP-TO-DATE
> Task :app:processDebugResources UP-TO-DATE
> Task :app:kspDebugKotlin UP-TO-DATE
> Task :app:javaPreCompileDebug UP-TO-DATE
> Task :app:mergeDebugShaders UP-TO-DATE
> Task :app:compileDebugShaders NO-SOURCE
> Task :app:generateDebugAssets UP-TO-DATE
> Task :app:mergeDebugAssets UP-TO-DATE
> Task :app:compressDebugAssets UP-TO-DATE
> Task :app:desugarDebugFileDependencies UP-TO-DATE
> Task :app:checkDebugDuplicateClasses UP-TO-DATE
> Task :app:mergeDebugStartupProfile UP-TO-DATE
> Task :app:mergeExtDexDebug UP-TO-DATE
> Task :app:mergeLibDexDebug UP-TO-DATE
> Task :app:mergeDebugJniLibFolders UP-TO-DATE
> Task :app:mergeDebugNativeLibs NO-SOURCE
> Task :app:stripDebugDebugSymbols NO-SOURCE
> Task :app:validateSigningDebug UP-TO-DATE
> Task :app:writeDebugAppMetadata UP-TO-DATE
> Task :app:writeDebugSigningConfigVersions UP-TO-DATE

> Task :app:compileDebugKotlin
e: file:///E:/Music%20Player%20Orpheon/app/src/main/java/com/orphean/presentation/home/HomeScreen.kt:87:5 Unresolved reference: Scaffold
e: file:///E:/Music%20Player%20Orpheon/app/src/main/java/com/orphean/presentation/home/HomeScreen.kt:90:9 Cannot infer a type for this parameter. Please specify it explicitly.
e: file:///E:/Music%20Player%20Orpheon/app/src/main/java/com/orphean/presentation/home/HomeScreen.kt:91:9 @Composable invocations can only happen from the context of a @Composable function
e: file:///E:/Music%20Player%20Orpheon/app/src/main/java/com/orphean/presentation/home/HomeScreen.kt:107:21 Unresolved reference: Text
e: file:///E:/Music%20Player%20Orpheon/app/src/main/java/com/orphean/presentation/home/HomeScreen.kt:114:25 Unresolved reference: IconButton
e: file:///E:/Music%20Player%20Orpheon/app/src/main/java/com/orphean/presentation/home/HomeScreen.kt:115:29 Unresolved reference: Icon
e: file:///E:/Music%20Player%20Orpheon/app/src/main/java/com/orphean/presentation/home/HomeScreen.kt:120:17 Unresolved reference: TextField
e: file:///E:/Music%20Player%20Orpheon/app/src/main/java/com/orphean/presentation/home/HomeScreen.kt:122:53 Unresolved reference: it
e: file:///E:/Music%20Player%20Orpheon/app/src/main/java/com/orphean/presentation/home/HomeScreen.kt:123:37 Unresolved reference: Text
e: file:///E:/Music%20Player%20Orpheon/app/src/main/java/com/orphean/presentation/home/HomeScreen.kt:128:30 Unresolved reference: TextFieldDefaults
e: file:///E:/Music%20Player%20Orpheon/app/src/main/java/com/orphean/presentation/home/HomeScreen.kt:144:29 Unresolved reference: FilterChip
e: file:///E:/Music%20Player%20Orpheon/app/src/main/java/com/orphean/presentation/home/HomeScreen.kt:147:43 Unresolved reference: Text
e: file:///E:/Music%20Player%20Orpheon/app/src/main/java/com/orphean/presentation/home/HomeScreen.kt:158:29 Unresolved reference: Text
e: file:///E:/Music%20Player%20Orpheon/app/src/main/java/com/orphean/presentation/home/HomeScreen.kt:158:64 Unresolved reference: MaterialTheme
e: file:///E:/Music%20Player%20Orpheon/app/src/main/java/com/orphean/presentation/home/HomeScreen.kt:162:29 Unresolved reference: CircularProgressIndicator
e: file:///E:/Music%20Player%20Orpheon/app/src/main/java/com/orphean/presentation/home/HomeScreen.kt:162:63 Unresolved reference: MaterialTheme
e: file:///E:/Music%20Player%20Orpheon/app/src/main/java/com/orphean/presentation/home/HomeScreen.kt:177:41 Unresolved reference: Text
e: file:///E:/Music%20Player%20Orpheon/app/src/main/java/com/orphean/presentation/home/HomeScreen.kt:191:41 Unresolved reference: Text
e: file:///E:/Music%20Player%20Orpheon/app/src/main/java/com/orphean/presentation/home/HomeScreen.kt:205:41 Unresolved reference: Text
e: file:///E:/Music%20Player%20Orpheon/app/src/main/java/com/orphean/presentation/home/HomeScreen.kt:279:33 Unresolved reference: MaterialTheme
e: file:///E:/Music%20Player%20Orpheon/app/src/main/java/com/orphean/presentation/home/HomeScreen.kt:309:25 Unresolved reference: Text
e: file:///E:/Music%20Player%20Orpheon/app/src/main/java/com/orphean/presentation/home/HomeScreen.kt:311:25 Unresolved reference: Text
e: file:///E:/Music%20Player%20Orpheon/app/src/main/java/com/orphean/presentation/home/HomeScreen.kt:313:25 Unresolved reference: Text
e: file:///E:/Music%20Player%20Orpheon/app/src/main/java/com/orphean/presentation/home/HomeScreen.kt:313:86 Unresolved reference: MaterialTheme
e: file:///E:/Music%20Player%20Orpheon/app/src/main/java/com/orphean/presentation/home/HomeScreen.kt:321:25 Unresolved reference: Text
e: file:///E:/Music%20Player%20Orpheon/app/src/main/java/com/orphean/presentation/home/HomeScreen.kt:337:25 Unresolved reference: MaterialTheme
e: file:///E:/Music%20Player%20Orpheon/app/src/main/java/com/orphean/presentation/home/HomeScreen.kt:344:9 Unresolved reference: Text
e: file:///E:/Music%20Player%20Orpheon/app/src/main/java/com/orphean/presentation/home/HomeScreen.kt:346:13 Unresolved reference: Text
e: file:///E:/Music%20Player%20Orpheon/app/src/main/java/com/orphean/presentation/home/HomeScreen.kt:346:75 Unresolved reference: MaterialTheme
e: file:///E:/Music%20Player%20Orpheon/app/src/main/java/com/orphean/presentation/home/HomeScreen.kt:367:13 Unresolved reference: Text
e: file:///E:/Music%20Player%20Orpheon/app/src/main/java/com/orphean/presentation/home/HomeScreen.kt:375:17 Unresolved reference: Text
e: file:///E:/Music%20Player%20Orpheon/app/src/main/java/com/orphean/presentation/home/HomeScreen.kt:378:29 Unresolved reference: MaterialTheme
e: file:///E:/Music%20Player%20Orpheon/app/src/main/java/com/orphean/presentation/home/HomeScreen.kt:394:25 Unresolved reference: MaterialTheme
e: file:///E:/Music%20Player%20Orpheon/app/src/main/java/com/orphean/presentation/home/HomeScreen.kt:401:9 Unresolved reference: Text
e: file:///E:/Music%20Player%20Orpheon/app/src/main/java/com/orphean/presentation/home/HomeScreen.kt:403:13 Unresolved reference: Text
e: file:///E:/Music%20Player%20Orpheon/app/src/main/java/com/orphean/presentation/home/HomeScreen.kt:403:76 Unresolved reference: MaterialTheme
e: file:///E:/Music%20Player%20Orpheon/app/src/main/java/com/orphean/presentation/home/HomeScreen.kt:405:9 Unresolved reference: Text
e: file:///E:/Music%20Player%20Orpheon/app/src/main/java/com/orphean/presentation/home/HomeScreen.kt:405:70 Unresolved reference: MaterialTheme

> Task :app:compileDebugKotlin FAILED

FAILURE: Build failed with an exception.

* What went wrong:
Execution failed for task ':app:compileDebugKotlin'.
> A failure occurred while executing org.jetbrains.kotlin.compilerRunner.GradleCompilerRunnerWithWorkers$GradleKotlinCompilerWorkAction
   > Compilation error. See log for more details

* Try:
> Run with --stacktrace option to get the stack trace.
> Run with --info or --debug option to get more log output.
> Run with --scan to get full insights.
> Get more help at https://help.gradle.org.

BUILD FAILED in 5s
29 actionable tasks: 2 executed, 27 up-to-date
